---
source: tui/src/chatwidget/tests/status_and_layout.rs
expression: rendered
---
• PreToolUse hook (blocked)
  feedback: run tests before touching the fixture

• PostToolUse hook (failed)
  error: PostToolUse hook exited with code 7
    hook: PostToolUse
    source: User /tmp/hooks.json
    command: ./hooks/post-tool-use.sh
    stderr: permission denied
